<?xml version="1.0" encoding="UTF-8"?>
<testsuites name="jest tests" tests="7" failures="0" errors="0" time="14.927">
  <testsuite name="undefined" errors="0" failures="0" skipped="0" timestamp="2022-11-06T08:58:29" time="13.411" tests="4">
    <testcase classname=" S3 Bucket Created" name=" S3 Bucket Created" time="0.003">
    </testcase>
    <testcase classname=" S3 Bucket Name is Correct" name=" S3 Bucket Name is Correct" time="0.002">
    </testcase>
    <testcase classname=" S3 bucket Should Not Be Public" name=" S3 bucket Should Not Be Public" time="0.068">
    </testcase>
    <testcase classname=" S3 Bucket Should Be Encrypted" name=" S3 Bucket Should Be Encrypted" time="0.032">
    </testcase>
  </testsuite>
  <testsuite name="undefined" errors="0" failures="0" skipped="0" timestamp="2022-11-06T08:58:29" time="13.807" tests="3">
    <testcase classname=" EC2 Instance and related resouces are created" name=" EC2 Instance and related resouces are created" time="0.002">
    </testcase>
    <testcase classname=" EC2 Instance Type is Correct" name=" EC2 Instance Type is Correct" time="0.002">
    </testcase>
    <testcase classname=" EC2 VPC Configurations are Correct" name=" EC2 VPC Configurations are Correct" time="0.001">
    </testcase>
  </testsuite>
</testsuites>